11:07:57 INFO     1680 hisse yüklenди.
11:07:57 INFO     Veri aralığı: 2024-06-27 → 2026-09-11
11:07:57 INFO     Toplam işlem günü: 554
11:07:57 INFO     Batch 1/34 (50 hisse)...
11:07:58 ERROR    $BRK.B: possibly delisted; no timezone found
11:08:00 ERROR    
1 Failed download:
11:08:00 ERROR    ['BRK.B']: possibly delisted; no timezone found
11:08:03 INFO     Batch 2/34 (50 hisse)...
11:08:09 INFO     Batch 3/34 (50 hisse)...
11:08:10 ERROR    HTTP Error 404: {"quoteSummary":{"result":null,"error":{"code":"Not Found","description":"Quote not found for symbol: PBR.A"}}}
11:08:10 ERROR    $PBR.A: possibly delisted; no timezone found
11:08:12 ERROR    
1 Failed download:
11:08:12 ERROR    ['PBR.A']: possibly delisted; no timezone found
11:08:15 INFO     Batch 4/34 (50 hisse)...
11:08:22 INFO     Batch 5/34 (50 hisse)...
11:08:28 INFO     Batch 6/34 (50 hisse)...
11:08:36 INFO     Batch 7/34 (50 hisse)...
11:08:42 INFO     Batch 8/34 (50 hisse)...
11:08:48 INFO     Batch 9/34 (50 hisse)...
11:08:55 INFO     Batch 10/34 (50 hisse)...
11:09:02 INFO     Batch 11/34 (50 hisse)...
11:09:08 INFO     Batch 12/34 (50 hisse)...
11:09:14 INFO     Batch 13/34 (50 hisse)...
11:09:21 INFO     Batch 14/34 (50 hisse)...
11:09:22 ERROR    $BF.B: possibly delisted; no price data found  (1d 2024-06-27 -> 2026-09-11)
11:09:24 ERROR    
1 Failed download:
11:09:24 ERROR    ['BF.B']: possibly delisted; no price data found  (1d 2024-06-27 -> 2026-09-11)
11:09:27 INFO     Batch 15/34 (50 hisse)...
11:09:34 INFO     Batch 16/34 (50 hisse)...
11:09:40 INFO     Batch 17/34 (50 hisse)...
11:09:46 INFO     Batch 18/34 (50 hisse)...
11:09:53 INFO     Batch 19/34 (50 hisse)...
11:09:59 INFO     Batch 20/34 (50 hisse)...
11:10:06 INFO     Batch 21/34 (50 hisse)...
11:10:12 INFO     Batch 22/34 (50 hisse)...
11:10:19 INFO     Batch 23/34 (50 hisse)...
11:10:24 INFO     Batch 24/34 (50 hisse)...
11:10:30 INFO     Batch 25/34 (50 hisse)...
11:10:36 INFO     Batch 26/34 (50 hisse)...
11:10:42 INFO     Batch 27/34 (50 hisse)...
11:10:49 INFO     Batch 28/34 (50 hisse)...
11:10:55 INFO     Batch 29/34 (50 hisse)...
11:11:01 INFO     Batch 30/34 (50 hisse)...
11:11:07 INFO     Batch 31/34 (50 hisse)...
11:11:14 INFO     Batch 32/34 (50 hisse)...
11:11:19 INFO     Batch 33/34 (50 hisse)...
11:11:25 INFO     Batch 34/34 (30 hisse)...
11:11:27 INFO     Toplam yazılan: 899730 hücre
11:11:33 INFO     ✅ Excel kaydedildi: US_Momentum_Screener.xlsx
