11:11:37  INFO      Yüklendi: 1680 hisse, son tarih: 2026-09-10
11:11:37  INFO      Excel son veri: 2026-09-10
11:11:37  INFO      1680 hissede eksik veri: 2026-07-20 → 2026-09-11
11:11:37  INFO      Batch 1/34...
11:11:39  ERROR     $BRK.B: possibly delisted; no timezone found
11:11:39  ERROR     
1 Failed download:
11:11:39  ERROR     ['BRK.B']: possibly delisted; no timezone found
11:11:40  INFO      Batch 2/34...
11:11:42  INFO      Batch 3/34...
11:11:43  ERROR     HTTP Error 404: {"quoteSummary":{"result":null,"error":{"code":"Not Found","description":"Quote not found for symbol: PBR.A"}}}
11:11:44  ERROR     $PBR.A: possibly delisted; no timezone found
11:11:44  ERROR     
1 Failed download:
11:11:44  ERROR     ['PBR.A']: possibly delisted; no timezone found
11:11:45  INFO      Batch 4/34...
11:11:48  INFO      Batch 5/34...
11:11:51  INFO      Batch 6/34...
11:11:54  INFO      Batch 7/34...
11:11:57  INFO      Batch 8/34...
11:12:01  INFO      Batch 9/34...
11:12:03  INFO      Batch 10/34...
11:12:07  INFO      Batch 11/34...
11:12:12  INFO      Batch 12/34...
11:12:15  INFO      Batch 13/34...
11:12:18  INFO      Batch 14/34...
11:12:20  ERROR     $BF.B: possibly delisted; no price data found  (1d 2026-07-13 -> 2026-09-12)
11:12:20  ERROR     
1 Failed download:
11:12:20  ERROR     ['BF.B']: possibly delisted; no price data found  (1d 2026-07-13 -> 2026-09-12)
11:12:21  INFO      Batch 15/34...
11:12:24  INFO      Batch 16/34...
11:12:29  INFO      Batch 17/34...
11:12:32  INFO      Batch 18/34...
11:12:35  INFO      Batch 19/34...
11:12:38  INFO      Batch 20/34...
11:12:42  INFO      Batch 21/34...
11:12:45  INFO      Batch 22/34...
11:12:48  INFO      Batch 23/34...
11:12:52  INFO      Batch 24/34...
11:12:56  INFO      Batch 25/34...
11:12:58  INFO      Batch 26/34...
11:13:02  INFO      Batch 27/34...
11:13:05  INFO      Batch 28/34...
11:13:08  INFO      Batch 29/34...
11:13:12  INFO      Batch 30/34...
11:13:16  INFO      Batch 31/34...
11:13:19  INFO      Batch 32/34...
11:13:22  INFO      Batch 33/34...
11:13:25  INFO      Batch 34/34...
11:13:27  INFO      Çekilen: 0 gün
11:13:31  INFO      Yüklendi: 1680 hisse, son tarih: 2026-09-10
11:13:35  INFO      Hesaplandı: 1676 hisse
11:13:35  INFO      Site derlendi: 1676 hisse → docs
11:13:36  INFO      Strateji sayfası güncellendi.
11:13:36  INFO      Strateji listesi güncellendi.
11:13:36  INFO      ==================================================
11:13:36  INFO        Son veri     : 2026-09-10
11:13:36  INFO        Toplam hisse : 1676
11:13:36  INFO        Pozitif mom  : 1025
11:13:36  INFO        Negatif FIP  : 1663 (kaliteli)
11:13:36  INFO      ==================================================
